RTY_cash_5_R1          n= 2340 conf@25 pnl=     -52,635 mean=-29.18 t=-1.777 ticks=-0.41
YM_cash_5_R1           n= 3596 conf@25 pnl=     -66,815 mean=-37.1 t=-1.931 ticks=-0.94
RTY_cash_5_R2          n= 2326 conf@25 pnl=     -15,970 mean=-8.85 t=-0.762 ticks=2.17
NG_cash_5_R1           n= 3768 conf@25 pnl=     -27,670 mean=-15.34 t=-0.868 ticks=1.26
YM_cash_5_R2           n= 3583 conf@25 pnl=     -55,620 mean=-30.88 t=-2.304 ticks=-0.45
RTY_cash_5_R3          n= 2340 conf@25 pnl=     -59,312 mean=-32.88 t=-4.137 ticks=-1.55
CL_cash_5_R1           n= 3662 conf@25 pnl=      -1,920 mean=-1.06 t=-0.056 ticks=1.52
NQ_cash_5_R1           n= 3599 conf@25 pnl=      63,240 mean=35.06 t=0.811 ticks=8.37
NG_cash_5_R2           n= 3755 conf@25 pnl=     -15,276 mean=-8.47 t=-0.551 ticks=1.29
SI_cash_5_R1           n= 4040 conf@25 pnl=    -120,975 mean=-68.54 t=-4.604 ticks=-0.78
ES_cash_5_R1           n= 3601 conf@25 pnl=      -5,788 mean=-3.21 t=-0.135 ticks=0.29
CL_cash_5_R2           n= 3648 conf@25 pnl=     -15,433 mean=-8.55 t=-0.558 ticks=0.81
RTY_cash_15_R1         n= 2326 conf@25 pnl=     -24,355 mean=-13.58 t=-0.75 ticks=2.1
HG_cash_5_R1           n= 4117 conf@25 pnl=     -74,412 mean=-41.23 t=-3.866 ticks=-0.33
YM_cash_5_R3           n= 3596 conf@25 pnl=     -71,800 mean=-39.87 t=-4.793 ticks=-1.44
GC_cash_5_R1           n= 4128 conf@25 pnl=      14,190 mean=7.86 t=0.449 ticks=0.75
NG_cash_5_R3           n= 3768 conf@25 pnl=     -44,750 mean=-24.81 t=-4.085 ticks=0.26
RTY_cash_15_R2         n= 2313 conf@25 pnl=      -9,669 mean=-5.39 t=-0.466 ticks=4.29
NQ_cash_5_R2           n= 3585 conf@25 pnl=      63,545 mean=35.22 t=1.146 ticks=6.98
CL_cash_5_R3           n= 3662 conf@25 pnl=     -19,670 mean=-10.89 t=-1.65 ticks=1.22
GC_cash_5_R2           n= 4115 conf@25 pnl=      28,709 mean=15.89 t=1.029 ticks=1.35
ES_cash_5_R2           n= 3587 conf@25 pnl=     -46,060 mean=-25.53 t=-1.529 ticks=-0.31
SI_cash_5_R2           n= 4026 conf@25 pnl=    -109,539 mean=-62.06 t=-3.563 ticks=-0.03
HG_cash_5_R2           n= 4103 conf@25 pnl=     -62,049 mean=-34.38 t=-3.978 ticks=0.25
RTY_cash_15_R3         n= 2326 conf@25 pnl=     -41,498 mean=-23.14 t=-2.13 ticks=1.68
YM_cash_15_R1          n= 3575 conf@25 pnl=     -47,065 mean=-26.22 t=-1.262 ticks=0.18
NG_cash_15_R1          n= 3705 conf@25 pnl=      -9,865 mean=-5.5 t=-0.287 ticks=1.02
NQ_cash_5_R3           n= 3599 conf@25 pnl=     -95,058 mean=-52.69 t=-3.006 ticks=-1.46
SI_cash_5_R3           n= 4040 conf@25 pnl=     -56,612 mean=-32.08 t=-6.766 ticks=-0.42
GC_cash_5_R3           n= 4128 conf@25 pnl=     -59,660 mean=-33.03 t=-5.77 ticks=-0.45
CL_cash_15_R1          n= 3646 conf@25 pnl=        -595 mean=-0.33 t=-0.016 ticks=1.16
ES_cash_5_R3           n= 3601 conf@25 pnl=     -70,762 mean=-39.23 t=-4.338 ticks=-0.66
RTY_cash_30_R1         n= 2300 conf@25 pnl=     -27,760 mean=-15.65 t=-0.875 ticks=1.6
HG_cash_5_R3           n= 4117 conf@25 pnl=     -54,925 mean=-30.43 t=-6.623 ticks=-0.07
YM_cash_15_R2          n= 3562 conf@25 pnl=     -46,190 mean=-25.73 t=-1.958 ticks=-0.76
NG_cash_15_R2          n= 3692 conf@25 pnl=     -22,243 mean=-12.39 t=-0.827 ticks=0.83
SI_cash_15_R1          n= 3560 conf@25 pnl=    -110,775 mean=-70.33 t=-3.433 ticks=-1.69
RTY_cash_30_R2         n= 2289 conf@25 pnl=     -36,482 mean=-20.57 t=-1.963 ticks=0.57
NQ_cash_15_R1          n= 3589 conf@25 pnl=      49,975 mean=27.76 t=0.598 ticks=7.03
CL_cash_15_R2          n= 3632 conf@25 pnl=     -30,372 mean=-16.83 t=-1.179 ticks=0.13
ES_cash_15_R1          n= 3593 conf@25 pnl=      13,038 mean=7.24 t=0.273 ticks=0.92
HG_cash_15_R1          n= 4077 conf@25 pnl=    -100,362 mean=-55.88 t=-4.833 ticks=-0.71
GC_cash_15_R1          n= 4094 conf@25 pnl=     -12,370 mean=-6.88 t=-0.344 ticks=-1.85
NG_cash_15_R3          n= 3705 conf@25 pnl=     -33,555 mean=-18.69 t=-2.173 ticks=0.15
YM_cash_15_R3          n= 3575 conf@25 pnl=     -55,928 mean=-31.16 t=-2.699 ticks=-0.81
RTY_cash_30_R3         n= 2300 conf@25 pnl=     -15,665 mean=-8.83 t=-0.712 ticks=2.22
SI_cash_15_R2          n= 3550 conf@25 pnl=     -85,962 mean=-54.58 t=-2.87 ticks=-0.76
NQ_cash_15_R2          n= 3575 conf@25 pnl=      85,099 mean=47.28 t=1.558 ticks=8.46
ES_cash_15_R2          n= 3579 conf@25 pnl=      23,570 mean=13.09 t=0.733 ticks=1.65
CL_cash_15_R3          n= 3646 conf@25 pnl=     -26,795 mean=-14.84 t=-1.597 ticks=0.39
RTY_cash_60_R1         n= 2159 conf@25 pnl=     -16,460 mean=-9.9 t=-0.572 ticks=2.22
NG_cash_30_R1          n= 3626 conf@25 pnl=     -29,270 mean=-16.48 t=-0.919 ticks=0.23
HG_cash_15_R2          n= 4063 conf@25 pnl=     -78,630 mean=-43.78 t=-5.606 ticks=-0.47
SI_cash_15_R3          n= 3560 conf@25 pnl=     -39,738 mean=-25.23 t=-3.459 ticks=-0.37
GC_cash_15_R2          n= 4080 conf@25 pnl=     -32,561 mean=-18.11 t=-1.284 ticks=-1.59
YM_cash_30_R1          n= 3533 conf@25 pnl=     -30,205 mean=-17.01 t=-0.801 ticks=0.63
ES_cash_15_R3          n= 3593 conf@25 pnl=     -35,625 mean=-19.79 t=-1.501 ticks=-0.14
NQ_cash_15_R3          n= 3589 conf@25 pnl=    -104,568 mean=-58.09 t=-2.297 ticks=-3.35
RTY_cash_60_R2         n= 2150 conf@25 pnl=     -48,078 mean=-28.91 t=-2.986 ticks=-0.16
CL_cash_30_R1          n= 3618 conf@25 pnl=     -15,510 mean=-8.62 t=-0.41 ticks=1.01
NG_cash_30_R2          n= 3613 conf@25 pnl=     -35,571 mean=-20.03 t=-1.606 ticks=0.07
ES_cash_30_R1          n= 3570 conf@25 pnl=      13,312 mean=7.42 t=0.272 ticks=0.56
HG_cash_15_R3          n= 4077 conf@25 pnl=     -60,419 mean=-33.64 t=-5.135 ticks=-0.53
RTY_cash_60_R3         n= 2159 conf@25 pnl=       2,650 mean=1.59 t=0.118 ticks=4.35
GC_cash_15_R3          n= 4094 conf@25 pnl=     -44,535 mean=-24.77 t=-2.364 ticks=-1.15
YM_cash_30_R2          n= 3520 conf@25 pnl=     -24,085 mean=-13.56 t=-1.016 ticks=0.18
SI_cash_30_R1          n= 2957 conf@25 pnl=    -115,925 mean=-83.94 t=-3.317 ticks=-0.37
NQ_cash_30_R1          n= 3556 conf@25 pnl=      92,895 mean=52.04 t=1.105 ticks=6.1
ES_cash_30_R2          n= 3556 conf@25 pnl=     -22,963 mean=-12.81 t=-0.782 ticks=0.23
NG_cash_30_R3          n= 3626 conf@25 pnl=     -48,130 mean=-27.1 t=-2.467 ticks=0.03
CL_cash_30_R2          n= 3604 conf@25 pnl=     -33,345 mean=-18.52 t=-1.332 ticks=0.51
RTY_globex_5_R1        n= 2153 conf@25 pnl=     -51,020 mean=-29.96 t=-2.242 ticks=-2.34
HG_cash_30_R1          n= 3980 conf@25 pnl=     -95,175 mean=-53.59 t=-4.646 ticks=-0.69
ES_cash_30_R3          n= 3570 conf@25 pnl=     -26,200 mean=-14.61 t=-0.908 ticks=0.52
YM_cash_30_R3          n= 3533 conf@25 pnl=     -12,328 mean=-6.94 t=-0.517 ticks=1.71
SI_cash_30_R2          n= 2952 conf@25 pnl=     -68,160 mean=-49.36 t=-2.409 ticks=0.42
NQ_cash_30_R2          n= 3542 conf@25 pnl=         551 mean=0.31 t=0.011 ticks=1.88
GC_cash_30_R1          n= 4017 conf@25 pnl=     -21,855 mean=-12.33 t=-0.623 ticks=-2.45
CL_cash_30_R3          n= 3618 conf@25 pnl=     -33,470 mean=-18.59 t=-1.649 ticks=0.6
NG_cash_60_R1          n= 3480 conf@25 pnl=     -23,895 mean=-13.88 t=-0.76 ticks=0.15
RTY_globex_5_R2        n= 2154 conf@25 pnl=     -35,732 mean=-20.98 t=-1.412 ticks=0.31
HG_cash_30_R2          n= 3967 conf@25 pnl=     -78,007 mean=-43.92 t=-5.994 ticks=-0.66
ES_cash_60_R1          n= 3474 conf@25 pnl=      11,938 mean=6.83 t=0.255 ticks=0.99
NQ_cash_30_R3          n= 3556 conf@25 pnl=     -13,908 mean=-7.79 t=-0.259 ticks=1.73
SI_cash_30_R3          n= 2957 conf@25 pnl=     -40,625 mean=-29.42 t=-2.73 ticks=-0.59
YM_cash_60_R1          n= 3382 conf@25 pnl=     -33,535 mean=-19.6 t=-0.947 ticks=1.32
RTY_globex_5_R3        n= 2153 conf@25 pnl=     -51,328 mean=-30.14 t=-6.655 ticks=-0.86
NG_cash_60_R2          n= 3468 conf@25 pnl=     -51,865 mean=-30.14 t=-2.546 ticks=0.04
GC_cash_30_R2          n= 4003 conf@25 pnl=     -60,434 mean=-34.09 t=-2.65 ticks=-2.7
ES_cash_60_R2          n= 3460 conf@25 pnl=     -30,334 mean=-17.36 t=-1.153 ticks=0.88
CL_cash_60_R1          n= 3511 conf@25 pnl=     -35,240 mean=-20.05 t=-0.969 ticks=0.27
HG_cash_30_R3          n= 3980 conf@25 pnl=     -57,356 mean=-32.3 t=-4.13 ticks=-0.06
RTY_globex_15_R1       n= 1614 conf@25 pnl=     -31,950 mean=-25.42 t=-1.349 ticks=-1.72
NG_cash_60_R3          n= 3480 conf@25 pnl=     -28,515 mean=-16.57 t=-1.313 ticks=-0.01
NQ_cash_60_R1          n= 3398 conf@25 pnl=      84,320 mean=49.14 t=1.093 ticks=6.14
YM_cash_60_R2          n= 3369 conf@25 pnl=     -27,144 mean=-15.86 t=-1.294 ticks=2.17
SI_cash_60_R1          n= 2478 conf@25 pnl=     -90,700 mean=-75.9 t=-2.285 ticks=-1.0
ES_cash_60_R3          n= 3474 conf@25 pnl=     -10,969 mean=-6.28 t=-0.33 ticks=0.77
CL_cash_60_R2          n= 3501 conf@25 pnl=     -53,296 mean=-30.32 t=-2.482 ticks=-0.33
GC_cash_30_R3          n= 4017 conf@25 pnl=     -48,745 mean=-27.49 t=-2.243 ticks=-2.69
RTY_globex_15_R2       n= 1614 conf@25 pnl=     -23,072 mean=-18.35 t=-0.991 ticks=1.13
HG_cash_60_R1          n= 3687 conf@25 pnl=     -58,775 mean=-35.84 t=-3.097 ticks=-0.28
NQ_cash_60_R2          n= 3384 conf@25 pnl=      27,660 mean=16.12 t=0.596 ticks=2.25
YM_cash_60_R3          n= 3382 conf@25 pnl=     -13,618 mean=-7.96 t=-0.518 ticks=1.46
NG_globex_5_R1         n= 2728 conf@25 pnl=     -52,235 mean=-34.21 t=-2.356 ticks=-1.4
SI_cash_60_R2          n= 2475 conf@25 pnl=     -76,508 mean=-64.02 t=-2.947 ticks=-4.03
RTY_globex_15_R3       n= 1614 conf@25 pnl=     -41,805 mean=-33.26 t=-4.989 ticks=-1.72
ES_globex_5_R1         n= 4121 conf@25 pnl=     -14,738 mean=-8.16 t=-0.383 ticks=-0.85
CL_cash_60_R3          n= 3511 conf@25 pnl=     -65,580 mean=-37.3 t=-2.497 ticks=-0.44
GC_cash_60_R1          n= 3828 conf@25 pnl=      -2,290 mean=-1.35 t=-0.069 ticks=-0.4
HG_cash_60_R2          n= 3675 conf@25 pnl=     -58,125 mean=-35.44 t=-4.753 ticks=-0.28
RTY_globex_30_R1       n= 1083 conf@25 pnl=     -49,130 mean=-60.58 t=-2.311 ticks=-8.07
NG_globex_5_R2         n= 2728 conf@25 pnl=     -70,865 mean=-46.41 t=-2.748 ticks=-2.43
NQ_cash_60_R3          n= 3398 conf@25 pnl=      62,575 mean=36.47 t=1.065 ticks=5.91
SI_cash_60_R3          n= 2478 conf@25 pnl=     -49,900 mean=-41.76 t=-2.524 ticks=0.08
YM_globex_5_R1         n= 3711 conf@25 pnl=     -30,240 mean=-16.86 t=-0.948 ticks=-1.13
RTY_globex_30_R2       n= 1083 conf@25 pnl=     -33,767 mean=-41.64 t=-1.828 ticks=-2.93
ES_globex_5_R2         n= 4107 conf@25 pnl=      -2,274 mean=-1.26 t=-0.057 ticks=-0.47
NG_globex_5_R3         n= 2728 conf@25 pnl=     -29,165 mean=-19.1 t=-3.921 ticks=-0.05
HG_cash_60_R3          n= 3687 conf@25 pnl=     -63,769 mean=-38.88 t=-4.246 ticks=-0.08
GC_cash_60_R2          n= 3814 conf@25 pnl=     -36,080 mean=-21.2 t=-1.625 ticks=0.41
CL_globex_5_R1         n= 3656 conf@25 pnl=     -71,530 mean=-39.87 t=-2.443 ticks=-3.43
RTY_globex_30_R3       n= 1083 conf@25 pnl=     -34,565 mean=-42.62 t=-3.978 ticks=-4.31
NQ_globex_5_R1         n= 3835 conf@25 pnl=      18,410 mean=10.19 t=0.308 ticks=3.43
NG_globex_15_R1        n= 1167 conf@25 pnl=     -20,880 mean=-28.68 t=-0.993 ticks=-0.88
SI_globex_5_R1         n= 3105 conf@25 pnl=     -79,950 mean=-52.25 t=-2.323 ticks=0.17
YM_globex_5_R2         n= 3703 conf@25 pnl=     -53,026 mean=-29.56 t=-1.738 ticks=-3.8
ES_globex_5_R3         n= 4121 conf@25 pnl=     -53,512 mean=-29.61 t=-4.448 ticks=-0.35
RTY_globex_60_R1       n=  625 conf@25 pnl=      -7,805 mean=-17.38 t=-0.352 ticks=-4.57
GC_cash_60_R3          n= 3828 conf@25 pnl=     -28,225 mean=-16.58 t=-1.202 ticks=-0.78
HG_globex_5_R1         n= 2724 conf@25 pnl=     -74,900 mean=-49.97 t=-3.967 ticks=-2.62
CL_globex_5_R2         n= 3655 conf@25 pnl=     -74,582 mean=-41.57 t=-2.283 ticks=-3.92
NG_globex_15_R2        n= 1167 conf@25 pnl=      -3,539 mean=-4.86 t=-0.178 ticks=1.19
NQ_globex_5_R2         n= 3827 conf@25 pnl=      33,638 mean=18.62 t=0.487 ticks=6.38
RTY_globex_60_R2       n=  625 conf@25 pnl=       4,128 mean=9.19 t=0.234 ticks=1.7
YM_globex_5_R3         n= 3711 conf@25 pnl=     -62,048 mean=-34.59 t=-6.081 ticks=-1.32
SI_globex_5_R2         n= 3103 conf@25 pnl=     -67,628 mean=-44.2 t=-1.719 ticks=-0.38
NQ_globex_5_R3         n= 3835 conf@25 pnl=     -54,195 mean=-29.99 t=-3.064 ticks=-2.37
RTY_globex_60_R3       n=  625 conf@25 pnl=     -20,725 mean=-46.16 t=-2.372 ticks=-4.85
ES_globex_15_R1        n= 3920 conf@25 pnl=       1,850 mean=1.03 t=0.043 ticks=-0.51
NG_globex_15_R3        n= 1167 conf@25 pnl=     -12,095 mean=-16.61 t=-1.541 ticks=-0.48
CL_globex_5_R3         n= 3656 conf@25 pnl=     -39,845 mean=-22.21 t=-3.594 ticks=-0.58
HG_globex_5_R2         n= 2721 conf@25 pnl=     -68,705 mean=-45.83 t=-3.076 ticks=-1.46
GC_globex_5_R1         n= 3980 conf@25 pnl=     -77,735 mean=-43.31 t=-2.729 ticks=-0.12
RTY_cash_0_C1          n=  350 conf@25 pnl=     -28,165 mean=-100.95 t=-1.736 ticks=-11.28
SI_globex_5_R3         n= 3105 conf@25 pnl=     -46,425 mean=-30.34 t=-4.25 ticks=-0.82
NG_globex_30_R1        n=  488 conf@25 pnl=     -22,175 mean=-68.65 t=-1.445 ticks=-4.39
YM_globex_15_R1        n= 2690 conf@25 pnl=         655 mean=0.39 t=0.019 ticks=2.46
NQ_globex_15_R1        n= 3095 conf@25 pnl=      48,530 mean=27.05 t=0.73 ticks=8.38
HG_globex_5_R3         n= 2724 conf@25 pnl=     -38,475 mean=-25.67 t=-5.848 ticks=-0.18
ES_globex_15_R2        n= 3908 conf@25 pnl=     -19,026 mean=-10.56 t=-0.486 ticks=-0.86
CL_globex_15_R1        n= 3088 conf@25 pnl=     -51,265 mean=-30.64 t=-1.575 ticks=-2.04
NG_globex_30_R2        n=  488 conf@25 pnl=      -5,568 mean=-17.24 t=-0.419 ticks=0.92
SI_globex_15_R1        n= 1309 conf@25 pnl=     -27,500 mean=-40.32 t=-0.79 ticks=2.68
GC_globex_5_R2         n= 3966 conf@25 pnl=     -82,461 mean=-45.94 t=-2.357 ticks=0.73
YM_globex_15_R2        n= 2688 conf@25 pnl=     -35,454 mean=-21.18 t=-1.132 ticks=-0.68
NG_globex_30_R3        n=  488 conf@25 pnl=      -4,140 mean=-12.82 t=-0.582 ticks=-0.6
NQ_globex_15_R2        n= 3097 conf@25 pnl=      61,609 mean=34.34 t=0.884 ticks=10.02
HG_globex_15_R1        n= 1003 conf@25 pnl=     -56,138 mean=-89.39 t=-3.727 ticks=-4.49
ES_globex_15_R3        n= 3920 conf@25 pnl=     -55,038 mean=-30.54 t=-4.023 ticks=-0.58
CL_globex_15_R2        n= 3085 conf@25 pnl=     -66,575 mean=-39.79 t=-2.045 ticks=-3.49
NG_globex_60_R1        n=  204 conf@25 pnl=      -6,340 mean=-42.84 t=-0.486 ticks=-2.18
SI_globex_15_R2        n= 1309 conf@25 pnl=     -16,507 mean=-24.2 t=-0.54 ticks=0.09
GC_globex_5_R3         n= 3980 conf@25 pnl=     -59,095 mean=-32.92 t=-6.042 ticks=-0.23
YM_globex_15_R3        n= 2690 conf@25 pnl=     -48,415 mean=-28.92 t=-4.322 ticks=-0.75
NQ_globex_15_R3        n= 3095 conf@25 pnl=     -36,248 mean=-20.2 t=-1.762 ticks=-0.35
HG_globex_15_R2        n= 1002 conf@25 pnl=     -47,629 mean=-75.84 t=-3.789 ticks=-3.11
NG_globex_60_R2        n=  204 conf@25 pnl=      -5,719 mean=-38.64 t=-0.689 ticks=1.22
CL_globex_15_R3        n= 3088 conf@25 pnl=     -40,355 mean=-24.12 t=-3.305 ticks=-0.54
ES_globex_30_R1        n= 3407 conf@25 pnl=     -21,438 mean=-12.27 t=-0.488 ticks=-0.05
SI_globex_15_R3        n= 1309 conf@25 pnl=     -42,975 mean=-63.01 t=-3.325 ticks=0.86
NG_globex_60_R3        n=  204 conf@25 pnl=       9,775 mean=66.05 t=1.781 ticks=6.92
YM_globex_30_R1        n= 1835 conf@25 pnl=      -6,200 mean=-4.55 t=-0.178 ticks=2.74
HG_globex_15_R3        n= 1003 conf@25 pnl=     -20,894 mean=-33.27 t=-2.778 ticks=-0.49
NQ_globex_30_R1        n= 2529 conf@25 pnl=      26,000 mean=14.87 t=0.372 ticks=8.37
GC_globex_15_R1        n= 3150 conf@25 pnl=     -82,190 mean=-50.92 t=-2.611 ticks=-0.17
NG_cash_0_C1           n=  543 conf@25 pnl=      -1,490 mean=-5.14 t=-0.098 ticks=2.61
SI_globex_30_R1        n=  567 conf@25 pnl=     -41,725 mean=-150.09 t=-1.412 ticks=8.62
CL_globex_30_R1        n= 2353 conf@25 pnl=     -13,290 mean=-9.43 t=-0.375 ticks=-0.41
ES_globex_30_R2        n= 3401 conf@25 pnl=      10,435 mean=5.97 t=0.253 ticks=0.59
HG_globex_30_R1        n=  363 conf@25 pnl=     -10,088 mean=-43.67 t=-0.879 ticks=-5.16
YM_globex_30_R2        n= 1836 conf@25 pnl=     -26,821 mean=-19.68 t=-0.972 ticks=0.56
SI_globex_30_R2        n=  567 conf@25 pnl=     -38,940 mean=-140.07 t=-2.189 ticks=-0.46
NQ_globex_30_R2        n= 2529 conf@25 pnl=      19,507 mean=11.15 t=0.289 ticks=12.36
GC_globex_15_R2        n= 3144 conf@25 pnl=     -91,997 mean=-57.0 t=-2.807 ticks=-0.96
ES_globex_30_R3        n= 3407 conf@25 pnl=     -62,962 mean=-36.04 t=-4.023 ticks=-1.27
HG_globex_30_R2        n=  363 conf@25 pnl=      -3,979 mean=-17.22 t=-0.438 ticks=-1.12
CL_globex_30_R2        n= 2352 conf@25 pnl=     -27,189 mean=-19.28 t=-0.818 ticks=-1.74
YM_globex_30_R3        n= 1835 conf@25 pnl=     -44,112 mean=-32.36 t=-3.669 ticks=-0.87
SI_globex_30_R3        n=  567 conf@25 pnl=     -18,375 mean=-66.1 t=-1.394 ticks=5.38
NQ_globex_30_R3        n= 2529 conf@25 pnl=     -60,190 mean=-34.41 t=-2.571 ticks=-1.79
GC_globex_15_R3        n= 3150 conf@25 pnl=     -69,735 mean=-43.21 t=-5.821 ticks=-1.35
HG_globex_30_R3        n=  363 conf@25 pnl=       5,019 mean=21.73 t=0.846 ticks=-1.41
CL_globex_30_R3        n= 2353 conf@25 pnl=     -30,440 mean=-21.59 t=-2.304 ticks=0.31
YM_globex_60_R1        n= 1394 conf@25 pnl=      18,520 mean=16.4 t=0.496 ticks=7.06
ES_globex_60_R1        n= 2708 conf@25 pnl=       6,938 mean=4.19 t=0.141 ticks=0.89
SI_globex_60_R1        n=  279 conf@25 pnl=     -15,750 mean=-109.37 t=-0.469 ticks=12.36
HG_globex_60_R1        n=  134 conf@25 pnl=      -2,325 mean=-27.03 t=-0.269 ticks=0.81
NQ_globex_60_R1        n= 2249 conf@25 pnl=     122,900 mean=72.72 t=1.542 ticks=16.26
CL_globex_60_R1        n= 1702 conf@25 pnl=      -4,195 mean=-3.71 t=-0.116 ticks=-0.01
YM_globex_60_R2        n= 1394 conf@25 pnl=      -1,662 mean=-1.47 t=-0.056 ticks=1.77
SI_globex_60_R2        n=  279 conf@25 pnl=     -27,392 mean=-190.22 t=-1.878 ticks=6.56
GC_globex_30_R1        n= 2349 conf@25 pnl=     -58,920 mean=-44.57 t=-1.806 ticks=5.08
ES_globex_60_R2        n= 2704 conf@25 pnl=      27,682 mean=16.71 t=0.642 ticks=1.91
HG_globex_60_R2        n=  134 conf@25 pnl=       1,266 mean=14.73 t=0.202 ticks=-0.27
NQ_globex_60_R2        n= 2249 conf@25 pnl=     105,521 mean=62.44 t=1.458 ticks=19.52
YM_globex_60_R3        n= 1394 conf@25 pnl=     -24,425 mean=-21.63 t=-1.866 ticks=1.42
SI_globex_60_R3        n=  279 conf@25 pnl=     -10,050 mean=-69.79 t=-0.747 ticks=7.62
CL_globex_60_R2        n= 1701 conf@25 pnl=     -36,977 mean=-32.69 t=-1.353 ticks=-3.0
ES_globex_60_R3        n= 2708 conf@25 pnl=     -58,056 mean=-35.04 t=-3.332 ticks=-0.66
HG_globex_60_R3        n=  134 conf@25 pnl=         775 mean=9.01 t=0.139 ticks=1.1
GC_globex_30_R2        n= 2348 conf@25 pnl=     -43,559 mean=-32.95 t=-1.349 ticks=0.92
YM_cash_0_C1           n=  543 conf@25 pnl=     -58,820 mean=-205.66 t=-2.541 ticks=-16.85
NQ_globex_60_R3        n= 2249 conf@25 pnl=     -14,960 mean=-8.85 t=-0.574 ticks=1.6
SI_cash_0_C1           n=  583 conf@25 pnl=       3,225 mean=12.55 t=0.14 ticks=7.66
CL_globex_60_R3        n= 1702 conf@25 pnl=     -27,960 mean=-24.72 t=-1.962 ticks=0.99
ES_cash_0_C1           n=  534 conf@25 pnl=     -46,012 mean=-161.45 t=-1.636 ticks=-2.89
HG_cash_0_C1           n=  636 conf@25 pnl=     -32,862 mean=-109.54 t=-3.496 ticks=-3.11
NQ_cash_0_C1           n=  526 conf@25 pnl=     -38,680 mean=-140.65 t=-0.926 ticks=0.7
GC_globex_30_R3        n= 2349 conf@25 pnl=     -39,515 mean=-29.89 t=-2.976 ticks=0.51
CL_cash_0_C1           n=  527 conf@25 pnl=       2,805 mean=10.35 t=0.169 ticks=3.37
GC_globex_60_R1        n= 1832 conf@25 pnl=     -41,580 mean=-38.08 t=-1.226 ticks=8.91
GC_globex_60_R2        n= 1832 conf@25 pnl=         755 mean=0.69 t=0.024 ticks=4.09
GC_globex_60_R3        n= 1832 conf@25 pnl=     -20,630 mean=-18.89 t=-1.483 ticks=2.28
GC_cash_0_C1           n=  552 conf@25 pnl=      10,640 mean=42.9 t=0.612 ticks=13.01
DONE cells=225 -> /home/dev/Mulham/wsg-i/orb_runs/grid1/orb_summary.json
