# WS-FWD phase 1 — 54 slots, set=best, jobs=8, WSH_DATA_BASE='/home/dev/Mulham/wsg-i/FWD_EXTENDED' TMPDIR='/home/dev/Mulham/wsg-i/FWD_EXTENDED/tmp'
[ES 4h] ok pnl=40432.4 n=159 dd=17795.07 last_exit=1785928560
[NQ 4h] ok pnl=157175.5 n=308 dd=15560.19 last_exit=1785964800
[ES 2h] ok pnl=73526.67 n=256 dd=11884.18 last_exit=1785925800
[NQ 2h] ok pnl=88624.99 n=200 dd=9419.17 last_exit=1785208140
[NQ 1h] ok pnl=74647.81 n=139 dd=8815.13 last_exit=1785788580
[NQ 15m] ok pnl=33206.99 n=242 dd=8197.07 last_exit=1785894660
[ES 1h] ok pnl=70553.04 n=278 dd=8403.48 last_exit=1786086540
[ES 15m] ok pnl=28904.84 n=205 dd=5147.58 last_exit=1785231540
[GC 4h] ok pnl=99694.56 n=349 dd=9142.01 last_exit=1785948300
[GC 2h] ok pnl=76298.63 n=377 dd=15648.59 last_exit=1786034580
[NQ 5m] ok pnl=14132.34 n=105 dd=1722.98 last_exit=1781480760
[GC 1h] ok pnl=86114.34 n=646 dd=21007.14 last_exit=1786034460
[SI 4h] ok pnl=59868.08 n=236 dd=9586.36 last_exit=1785883020
[GC 15m] ok pnl=75124.47 n=2232 dd=18174.97 last_exit=1786033500
[ES 5m] ok pnl=3163.82 n=88 dd=1472.39 last_exit=1785757260
[SI 2h] ok pnl=74089.3 n=221 dd=7545.19 last_exit=1785932880
[SI 1h] ok pnl=30379.05 n=419 dd=11259.89 last_exit=1786018080
[SI 15m] ok pnl=81564.8 n=2018 dd=15083.12 last_exit=1786024140
[NQ 2m] ok pnl=29633.42 n=540 dd=5663.18 last_exit=1785765180
[HG 4h] ok pnl=64586.34 n=263 dd=3489.4 last_exit=1785964800
[ES 2m] ok pnl=-435.26 n=459 dd=4175.55 last_exit=1785845760
[HG 2h] ok pnl=32120.83 n=611 dd=5099.58 last_exit=1786020840
[GC 5m] ok pnl=23460.82 n=509 dd=4391.45 last_exit=1785906240
[SI 5m] ok pnl=52284.05 n=2860 dd=7067.27 last_exit=1786023180
[HG 1h] ok pnl=28026.75 n=472 dd=2524.5 last_exit=1785747600
[CL 4h] ok pnl=20532.51 n=411 dd=3204.79 last_exit=1785812340
[HG 15m] ok pnl=29683.08 n=2946 dd=2649.45 last_exit=1786025760
[CL 2h] ok pnl=4744.35 n=195 dd=2405.08 last_exit=1786039200
[CL 1h] ok pnl=8830.5 n=598 dd=3736.7 last_exit=1785794520
[GC 2m] ok pnl=41437.78 n=968 dd=4576.84 last_exit=1786029000
[CL 15m] ok pnl=16751.88 n=1217 dd=1185.12 last_exit=1785800280
[HG 5m] ok pnl=21166.16 n=1760 dd=850.46 last_exit=1785998400
[NG 4h] ok pnl=32851.82 n=635 dd=8433.93 last_exit=1785982620
[NG 2h] ok pnl=14867.72 n=712 dd=4203.4 last_exit=1785853740
[NG 1h] ok pnl=16190.69 n=1820 dd=5138.06 last_exit=1786049400
[RTY 4h] ok pnl=34445.43 n=317 dd=9677.67 last_exit=1785490620
[CL 5m] ok pnl=14880.6 n=2518 dd=1123.89 last_exit=1786020300
[SI 2m] ok pnl=71218.46 n=3899 dd=2677.3 last_exit=1786022640
[NG 15m] ok pnl=19594.66 n=3065 dd=1915.02 last_exit=1786033680
[RTY 2h] ok pnl=16849.04 n=182 dd=2595.42 last_exit=1785516780
[RTY 1h] ok pnl=16367.81 n=220 dd=2301.43 last_exit=1785406080
[NG 5m] ok pnl=30559.91 n=7073 dd=1860.0 last_exit=1786033560
[RTY 15m] ok pnl=8443.65 n=113 dd=3450.72 last_exit=1784686800
[CL 2m] ok pnl=25486.24 n=4934 dd=760.34 last_exit=1786007040
[YM 4h] ok pnl=50355.07 n=200 dd=9125.72 last_exit=1785775500
[HG 2m] ok pnl=58750.92 n=7558 dd=1630.58 last_exit=1786031280
[YM 1h] ok pnl=51744.98 n=491 dd=6344.08 last_exit=1786082100
[RTY 5m] ok pnl=18217.25 n=1496 dd=2448.0 last_exit=1786029300
[YM 2h] ok pnl=20254.94 n=39 dd=3633.08 last_exit=1785923700
[YM 15m] ok pnl=26318.48 n=1096 dd=4345.17 last_exit=1786031220
[NG 2m] ok pnl=30710.08 n=8867 dd=1535.91 last_exit=1786033560
[YM 5m] ok pnl=21217.88 n=605 dd=1888.02 last_exit=1786034760
[RTY 2m] ok pnl=17521.21 n=2801 dd=1067.12 last_exit=1786029180
[YM 2m] ok pnl=31933.79 n=1175 dd=2383.35 last_exit=1786033380

DONE ok=54/54 -> /home/dev/Mulham/wsg-i/FWD_EXTENDED/fwd_books_r2/fwd_run_summary.json
