========================================================================================================
H1-B / H1-C — does `forecast - previous` carry DIRECTION?   NQ   #115
========================================================================================================
  series (VERIFIED only): cpi, durables, nfp, retail     era 2016+
  price frame: 2010-06-06 18:00:00 -> 2026-07-12 19:59:00
  events: 507 raw, 96 dropped by the expanding-window warm-up, 411 used
  matched non-event controls: 358
  ⚠️ pre-registered: 28 tests, Bonferroni alpha = 0.00179

  hyp     off     n  Pearson r        p  Spearman r        p   MDE r   ctrl r   perm p  pass
  H1-B      5   404      0.005    0.925       0.004    0.935   0.195    0.043        -  .
  H1-B     15   404      0.047    0.350       0.022    0.654   0.195   -0.016        -  .
  H1-B     30   404      0.066    0.186       0.044    0.382   0.195    0.022        -  .
  H1-B     60   404      0.085    0.087       0.115    0.020   0.195   -0.020    0.017  .
  H1-C      5   404      0.074    0.138       0.045    0.367   0.195   -0.010        -  .
  H1-C     15   404      0.040    0.419       0.068    0.170   0.195    0.006        -  .
  H1-C     60   404      0.091    0.066       0.001    0.978   0.195   -0.031        -  .

  V1 re-derivation (Close vs Open construction; rank-Pearson must EQUAL Spearman):
      5m  close +0.004   open +0.092   rank-Pearson == Spearman: True
     15m  close +0.022   open +0.017   rank-Pearson == Spearman: True
     30m  close +0.044   open +0.050   rank-Pearson == Spearman: True
     60m  close +0.115   open +0.090   rank-Pearson == Spearman: True
  V2 split-half by era (2016-2020 vs 2021-2026):
    H1-B    5m  early +0.081 (n=143)   late -0.049 (n=261)   same sign: False
    H1-B   15m  early +0.084 (n=143)   late -0.009 (n=261)   same sign: False
    H1-B   30m  early +0.102 (n=143)   late +0.009 (n=261)   same sign: True
    H1-B   60m  early +0.224 (n=143)   late +0.039 (n=261)   same sign: True
    H1-C    5m  early +0.123 (n=143)   late +0.021 (n=261)   same sign: True
    H1-C   15m  early +0.068 (n=143)   late +0.085 (n=261)   same sign: True
    H1-C   60m  early -0.027 (n=143)   late +0.055 (n=261)   same sign: False
  V3 ⭐⭐⭐ PLANTED-EFFECT PROBE — can this pipeline find an effect that IS there?
      n=404   study MDE r=0.195 at alpha=0.00179
        planted r=0.05 -> measured -0.008 p=0.867372  missed   (below MDE — expected to be missed)
        planted r=0.10 -> measured +0.099 p=0.047289  missed   (below MDE — expected to be missed)
        planted r=0.15 -> measured +0.181 p=0.000265  detected   (below MDE — expected to be missed)
        planted r=0.20 -> measured +0.221 p=0.000008  detected
        planted r=0.30 -> measured +0.325 p=0.000000  detected
        planted r=0.40 -> measured +0.250 p=0.000000  detected
      smallest detected: r=0.15   PASS=True
      ⚠️ If this is False, a null here means NOTHING — the pipeline could not find an effect
        that is definitely present, and the result is VOID rather than negative.

  VERDICT: NEGATIVE — 0 of 7 cells clear Bonferroni alpha=0.00179, and the planted probe WAS detected — so the pipeline can find an effect and there is none of this size to find
========================================================================================================
wrote /tmp/h1bc_NQ.json
