scan CL: bars end 2026-08-07 16:59:59; spec lead 300s S0.10% TP0.40% exit +900s; stressed cost $42.5/event; pre-reg a988f17
blocks: 10 T1 + 82 T2; moments total 12,310
control clocks: {'06:00': 400, '07:00': 400, '07:30': 400, '08:00': 400, '08:15': 400, '08:30': 400, '08:55': 400, '09:00': 400, '09:15': 400, '09:30': 400, '09:45': 400, '10:00': 400, '10:30': 400, '11:00': 400, '11:30': 400, '12:00': 400, '12:45': 400, '13:00': 400, '13:15': 400, '13:30': 400, '14:00': 400, '14:30': 400, '15:00': 400, '16:00': 400, '16:30': 400, '19:00': 400}
1s bars loaded: 15,811,994
  control 06:00: rides 393 · jump n 393
  control 07:00: rides 395 · jump n 395
  control 07:30: rides 396 · jump n 396
  control 08:00: rides 389 · jump n 389
  control 08:15: rides 395 · jump n 395
  control 08:30: rides 386 · jump n 387
  control 08:55: rides 389 · jump n 389
  control 09:00: rides 385 · jump n 385
  control 09:15: rides 390 · jump n 390
  control 09:30: rides 389 · jump n 389
  control 09:45: rides 389 · jump n 389
  control 10:00: rides 379 · jump n 379
  control 10:30: rides 377 · jump n 377
  control 11:00: rides 383 · jump n 383
  control 11:30: rides 388 · jump n 388
  control 12:00: rides 394 · jump n 394
  control 12:45: rides 389 · jump n 389
  control 13:00: rides 386 · jump n 375
  control 13:15: rides 374 · jump n 375
  control 13:30: rides 370 · jump n 370
  control 14:00: rides 379 · jump n 379
  control 14:30: rides 385 · jump n 380
  control 15:00: rides 377 · jump n 377
  control 16:00: rides 385 · jump n 385
  control 16:30: rides 375 · jump n 377
  control 19:00: rides 300 · jump n 306
  [2] GRID Durable Goods Orders MoM          n= 127 net $  -56.43 p=7.03e-10 jump 1.00 -> VOID-TIMESTAMP
  [2] GRID Fed Interest Rate Decision        n=  84 net $  -39.55 p=0.00522 jump 2.75 -> SIGNIFICANT-NEGATIVE (p=0.0052)
  [2] GRID Inflation Rate MoM                n= 116 net $  -41.19 p=0.000858 jump 2.00 -> SIGNIFICANT-NEGATIVE (p=0.00086)
  [2] GRID Non Farm Payrolls                 n= 124 net $  -33.11 p=0.00677 jump 2.67 -> SIGNIFICANT-NEGATIVE (p=0.0068)
  [2] GRID Retail Sales MoM                  n= 113 net $  -38.39 p=0.00159 jump 0.67 -> VOID-TIMESTAMP
  [1] Initial Jobless Claims                 n= 435 net $  -40.91 p=5.97e-13 jump 1.00 -> VOID-TIMESTAMP
  [1] PPI MoM                                n= 103 net $  -41.32 p=0.00115 jump 1.33 -> SIGNIFICANT-NEGATIVE (p=0.0012)
  [1] Core PCE Price Index MoM               n= 113 net $  -45.89 p=8.2e-06 jump 0.67 -> VOID-TIMESTAMP
  [1] GDP Growth Rate QoQ Adv                n=  33 net $   -8.74 p=0.711 jump 1.33 -> POWERED-NULL
  [1] ISM Manufacturing PMI                  n= 128 net $  -56.92 p=1.95e-08 jump 1.50 -> SIGNIFICANT-NEGATIVE (p=1.9e-08)
  [1] ISM Services PMI                       n= 128 net $  -26.14 p=0.0234 jump 1.25 -> SIGNIFICANT-NEGATIVE (p=0.023)
  [1] JOLTs Job Openings                     n= 127 net $  -32.66 p=0.00879 jump 1.25 -> SIGNIFICANT-NEGATIVE (p=0.0088)
  [1] Michigan Consumer Sentiment Prel       n= 127 net $  -51.05 p=3.64e-06 jump 1.00 -> VOID-TIMESTAMP
  [1] ADP Employment Change                  n= 126 net $  -30.37 p=0.00815 jump 1.50 -> SIGNIFICANT-NEGATIVE (p=0.0082)
  [1] FOMC Minutes                           n=  85 net $  -24.24 p=0.0938 jump 1.50 -> POWERED-NULL
  [2] 10-Year Note Auction                   n= 107 net $  -28.86 p=0.0228 jump 1.00 -> VOID-TIMESTAMP
  [2] 10-Year TIPS Auction                   n=  50 net $  -56.14 p=0.00138 jump 1.00 -> VOID-TIMESTAMP
  [2] 15-Year Mortgage Rate                  n= 151 net $  -30.40 p=0.0102 jump 1.00 -> VOID-TIMESTAMP
  [2] 17-Week Bill Auction                   n= 193 net $  -37.52 p=0.000546 jump 1.50 -> SIGNIFICANT-NEGATIVE (p=0.00055)
  [2] 2-Year Note Auction                    n=  91 net $  -57.67 p=4.17e-09 jump 0.67 -> VOID-TIMESTAMP
  [2] 20-Year Bond Auction                   n=  71 net $   -6.38 p=0.717 jump 1.33 -> POWERED-NULL
  [2] 3-Month Bill Auction                   n= 552 net $  -41.43 p=3.25e-14 jump 1.00 -> VOID-TIMESTAMP
  [2] 3-Year Note Auction                    n= 107 net $  -32.41 p=0.00848 jump 1.00 -> VOID-TIMESTAMP
  [2] 30-Year Bond Auction                   n= 123 net $  -40.54 p=5.88e-05 jump 0.67 -> VOID-TIMESTAMP
  [2] 4-Week Bill Auction                    n= 545 net $  -38.94 p=1.37e-12 jump 1.00 -> VOID-TIMESTAMP
  [2] 42-Day Bill Auction                    n=  83 net $  -48.06 p=4.7e-05 jump 1.00 -> VOID-TIMESTAMP
  [2] 5-Year Note Auction                    n=  99 net $  -66.83 p=9.85e-15 jump 0.67 -> VOID-TIMESTAMP
  [2] 52-Week Bill Auction                   n= 102 net $  -49.46 p=0.000134 jump 0.75 -> VOID-TIMESTAMP
  [2] 7-Year Note Auction                    n= 119 net $  -49.80 p=1.39e-06 jump 1.00 -> VOID-TIMESTAMP
  [2] Baker Hughes Oil Rig Count             n= 504 net $  -43.74 p=2.32e-17 jump 1.00 -> VOID-TIMESTAMP
  [2] Building Permits                       n= 119 net $  -56.95 p=1.9e-09 jump 1.00 -> VOID-TIMESTAMP
  [2] CB Leading Index MoM                   n=  73 net $  -53.24 p=0.000222 jump 1.50 -> SIGNIFICANT-NEGATIVE (p=0.00022)
  [2] Capacity Utilization                   n=  74 net $  -19.47 p=0.251 jump 1.00 -> VOID-TIMESTAMP
  [2] Challenger Job Cuts                    n= 128 net $  -31.47 p=0.00453 jump 1.00 -> VOID-TIMESTAMP
  [2] Chicago Fed National Activity Index    n=  88 net $  -57.42 p=6.46e-08 jump 0.67 -> VOID-TIMESTAMP
  [2] Chicago PMI                            n= 126 net $  -71.30 p=8.07e-17 jump 1.17 -> VOID-TIMESTAMP
  [2] Consumer Credit Change                 n= 125 net $  -49.21 p=9.45e-12 jump 1.00 -> VOID-TIMESTAMP
  [2] Consumer Inflation Expectations        n= 109 net $  -38.32 p=0.00265 jump 1.00 -> VOID-TIMESTAMP
  [2] Dallas Fed Manufacturing Index         n= 125 net $  -41.51 p=0.000173 jump 1.00 -> VOID-TIMESTAMP
  [2] Dallas Fed Services Revenues Index     n=  57 net $  -54.52 p=0.0038 jump 2.00 -> SIGNIFICANT-NEGATIVE (p=0.0038)
  [2] EIA Natural Gas Stocks Change          n= 552 net $  -30.70 p=5.48e-08 jump 1.33 -> SIGNIFICANT-NEGATIVE (p=5.5e-08)
  [2] Existing Home Sales MoM                n= 108 net $  -54.73 p=1.66e-06 jump 1.25 -> SIGNIFICANT-NEGATIVE (p=1.7e-06)
  [2] Factory Orders MoM                     n=  62 net $  -65.77 p=4.27e-08 jump 1.37 -> SIGNIFICANT-NEGATIVE (p=4.3e-08)
  [2] Fed Balance Sheet                      n= 102 net $  -40.24 p=8.44e-05 jump 1.00 -> VOID-TIMESTAMP
  [2] Fed Barkin Speech                      n=  92 net $  -58.86 p=9.15e-08 jump 1.00 -> VOID-TIMESTAMP
  [2] Fed Barr Speech                        n=  65 net $  -75.18 p=6.62e-09 jump 1.00 -> VOID-TIMESTAMP
  [2] Fed Beige Book                         n=  71 net $  -35.89 p=0.0106 jump 1.50 -> SIGNIFICANT-NEGATIVE (p=0.011)
  [2] Fed Bostic Speech                      n= 231 net $  -47.48 p=2.78e-10 jump 1.00 -> VOID-TIMESTAMP
  [2] Fed Bowman Speech                      n=  97 net $  -35.29 p=0.0129 jump 0.75 -> VOID-TIMESTAMP
  [2] Fed Brainard Speech                    n=  59 net $  -43.32 p=0.0138 jump 1.00 -> VOID-TIMESTAMP
  [2] Fed Bullard Speech                     n= 106 net $  -39.97 p=6.67e-05 jump 0.67 -> VOID-TIMESTAMP
  [2] Fed Chair Powell Speech                n=  93 net $  -20.02 p=0.188 jump 0.33 -> VOID-TIMESTAMP
  [2] Fed Cook Speech                        n=  40 net $  -64.11 p=0.000255 jump 2.00 -> SIGNIFICANT-NEGATIVE (p=0.00026)
  [2] Fed Daly Speech                        n=  79 net $  -53.96 p=3.14e-07 jump 1.00 -> VOID-TIMESTAMP
  [2] Fed Dudley Speech                      n=  45 net $  -44.08 p=0.000139 jump 0.67 -> VOID-TIMESTAMP
  [2] Fed Evans Speech                       n= 131 net $  -47.01 p=7.57e-09 jump 0.67 -> VOID-TIMESTAMP
  [2] Fed Goolsbee Speech                    n=  39 net $  -52.14 p=0.0126 jump 1.50 -> SIGNIFICANT-NEGATIVE (p=0.013)
  [2] Fed Harker Speech                      n=  94 net $  -51.23 p=2.52e-07 jump 0.33 -> VOID-TIMESTAMP
  [2] Fed Kaplan Speech                      n=  98 net $  -52.55 p=2.09e-12 jump 0.67 -> VOID-TIMESTAMP
  [2] Fed Kashkari Speech                    n= 140 net $  -35.60 p=0.000101 jump 0.67 -> VOID-TIMESTAMP
  [2] Fed Logan Speech                       n=  41 net $  -45.33 p=0.0205 jump 1.50 -> SIGNIFICANT-NEGATIVE (p=0.02)
  [2] Fed Mester Speech                      n= 107 net $  -41.43 p=0.000428 jump 1.00 -> VOID-TIMESTAMP
  [2] Fed Press Conference                   n=  68 net $  -75.88 p=2.62e-11 jump 1.33 -> SIGNIFICANT-NEGATIVE (p=2.6e-11)
  [2] Fed Quarles Speech                     n=  45 net $  -49.88 p=0.000124 jump 0.67 -> VOID-TIMESTAMP
  [2] Fed Rosengren Speech                   n=  36 net $  -29.68 p=0.0507 jump 0.50 -> VOID-TIMESTAMP
  [2] Fed Waller Speech                      n=  79 net $  -22.56 p=0.191 jump 1.00 -> VOID-TIMESTAMP
  [2] Fed Williams Speech                    n= 247 net $  -45.94 p=1.68e-10 jump 0.50 -> VOID-TIMESTAMP
  [2] Foreign Bond Investment                n= 124 net $  -35.78 p=6.3e-06 jump 1.00 -> VOID-TIMESTAMP
  [2] House Price Index MoM                  n=  94 net $  -39.24 p=0.0022 jump 1.33 -> SIGNIFICANT-NEGATIVE (p=0.0022)
  [2] IBD/TIPP Economic Optimism             n=  40 net $  -34.75 p=0.0838 jump 1.25 -> POWERED-NULL
  [2] ISM New York Index                     n=  62 net $  -45.98 p=0.000246 jump 1.00 -> VOID-TIMESTAMP
  [2] Imports                                n=  55 net $  -39.29 p=0.0105 jump 0.67 -> VOID-TIMESTAMP
  [2] Kansas Fed Manufacturing Index         n= 116 net $  -48.18 p=3.09e-05 jump 0.75 -> VOID-TIMESTAMP
  [2] LMI Logistics Managers Index           n=  63 net $  -20.41 p=0.29 jump 1.50 -> POWERED-NULL
  [2] MBA 30-Year Mortgage Rate              n= 543 net $  -40.59 p=7.59e-19 jump 1.00 -> VOID-TIMESTAMP
  [2] Michigan Consumer Sentiment Final      n=  89 net $  -47.59 p=0.00018 jump 1.00 -> VOID-TIMESTAMP
  [2] Monthly Budget Statement               n= 115 net $  -18.89 p=0.141 jump 1.00 -> VOID-TIMESTAMP
  [2] NAHB Housing Market Index              n= 124 net $  -39.50 p=0.000873 jump 1.00 -> VOID-TIMESTAMP
  [2] NFIB Business Optimism Index           n= 127 net $  -42.21 p=7.01e-06 jump 1.00 -> VOID-TIMESTAMP
  [2] NY Empire State Manufacturing Index    n=  63 net $  -52.28 p=2.38e-05 jump 0.67 -> VOID-TIMESTAMP
  [2] New Home Sales                         n=  89 net $  -36.64 p=0.00521 jump 1.00 -> VOID-TIMESTAMP
  [2] Pending Home Sales MoM                 n= 119 net $  -55.05 p=1.33e-07 jump 1.00 -> VOID-TIMESTAMP
  [2] Redbook YoY                            n= 553 net $  -41.72 p=9.95e-15 jump 1.50 -> SIGNIFICANT-NEGATIVE (p=1e-14)
  [2] Richmond Fed Manufacturing Index       n= 125 net $  -23.22 p=0.0613 jump 1.25 -> POWERED-NULL
  [2] S&P Global Manufacturing PMI Final     n= 128 net $  -32.27 p=0.00756 jump 1.33 -> SIGNIFICANT-NEGATIVE (p=0.0076)
  [2] S&P Global Manufacturing PMI Flash     n= 126 net $  -45.06 p=0.000124 jump 1.33 -> SIGNIFICANT-NEGATIVE (p=0.00012)
  [2] S&P Global Services PMI Final          n= 125 net $  -41.16 p=0.000213 jump 1.00 -> VOID-TIMESTAMP
  [2] S&P/Case-Shiller Home Price MoM        n=  68 net $  -49.31 p=1.62e-05 jump 0.92 -> VOID-TIMESTAMP
  [2] Total Vehicle Sales                    n= 108 net $  -33.52 p=0.00193 jump 2.00 -> SIGNIFICANT-NEGATIVE (p=0.0019)
  [2] WASDE Report                           n= 110 net $  -40.77 p=0.000311 jump 1.00 -> VOID-TIMESTAMP
  [2] Wholesale Inventories MoM              n=  97 net $  -49.87 p=3.25e-05 jump 1.25 -> SIGNIFICANT-NEGATIVE (p=3.3e-05)
  [2] Wholesale Inventories MoM Adv          n=  49 net $  -51.64 p=0.00128 jump 1.00 -> VOID-TIMESTAMP
{
  "VOID-TIMESTAMP": 61,
  "POWERED-NULL": 6,
  "SIGNIFICANT-NEGATIVE (p=0.0052)": 1,
  "SIGNIFICANT-NEGATIVE (p=0.00086)": 1,
  "SIGNIFICANT-NEGATIVE (p=0.0068)": 1,
  "SIGNIFICANT-NEGATIVE (p=0.0012)": 1,
  "SIGNIFICANT-NEGATIVE (p=1.9e-08)": 1,
  "SIGNIFICANT-NEGATIVE (p=0.023)": 1,
  "SIGNIFICANT-NEGATIVE (p=0.0088)": 1,
  "SIGNIFICANT-NEGATIVE (p=0.0082)": 1,
  "SIGNIFICANT-NEGATIVE (p=0.00055)": 1,
  "SIGNIFICANT-NEGATIVE (p=0.00022)": 1,
  "SIGNIFICANT-NEGATIVE (p=0.0038)": 1,
  "SIGNIFICANT-NEGATIVE (p=5.5e-08)": 1,
  "SIGNIFICANT-NEGATIVE (p=1.7e-06)": 1,
  "SIGNIFICANT-NEGATIVE (p=4.3e-08)": 1,
  "SIGNIFICANT-NEGATIVE (p=0.011)": 1,
  "SIGNIFICANT-NEGATIVE (p=0.00026)": 1,
  "SIGNIFICANT-NEGATIVE (p=0.013)": 1,
  "SIGNIFICANT-NEGATIVE (p=0.02)": 1,
  "SIGNIFICANT-NEGATIVE (p=2.6e-11)": 1,
  "SIGNIFICANT-NEGATIVE (p=0.0022)": 1,
  "SIGNIFICANT-NEGATIVE (p=1e-14)": 1,
  "SIGNIFICANT-NEGATIVE (p=0.0076)": 1,
  "SIGNIFICANT-NEGATIVE (p=0.00012)": 1,
  "SIGNIFICANT-NEGATIVE (p=0.0019)": 1,
  "SIGNIFICANT-NEGATIVE (p=3.3e-05)": 1
}
