# WS-FWD phase 0 data audit — roots: WSH_DATA_BASE='/home/dev/Mulham/wsg-i/FWD_EXTENDED' WSG_DATA_ROOT='/home/dev/Mulham/wsg-i/FWD_EXTENDED/data'

== NQ ==
  1m    /home/dev/Mulham/wsg-i/FWD_EXTENDED/Full_Canldes_Data/drive-download-20260602T124702Z-3-001/NQ_1m.csv
        first=2025-01-01 18:00:00,21269.0,21282.75,21253.5,21261.25,393  last=2026-08-07 16:59:00,29830.5,29845.0,29829.5,29839.5,345  (32.6 MB)
  4h    last=2026-08-07 14:00:00,29743.5,29860.25,29676.5,29839.5,91376  (0.1 MB)
  2h    last=2026-08-07 16:00:00,29834.0,29850.75,29802.5,29839.5,13892  (0.3 MB)
  1h    last=2026-08-07 16:00:00,29834.0,29850.75,29802.5,29839.5,13892  (0.6 MB)
  15m   last=2026-08-07 16:45:00,29814.25,29845.0,29813.0,29839.5,1786  (2.2 MB)
  5m    last=2026-08-07 16:55:00,29821.5,29845.0,29819.0,29839.5,716  (6.6 MB)
  2m    last=2026-08-07 16:58:00,29829.0,29845.0,29828.5,29839.5,392  (16.4 MB)
  box   /home/dev/Mulham/wsg-i/FWD_EXTENDED/data/full_data/NQ_full_data.csv
        first=2025-01-01,2026-05-23 12:18:37,21390.25,21711.0,20995.25,21435.6  last=2026-05-22,2026-05-23 14:08:05,29444.0,29135.0,27631.75,29591.05  (0.2 MB)

== ES ==
  1m    /home/dev/Mulham/wsg-i/FWD_EXTENDED/ALL_STOCKS/CANDLES/CME/ES_Continuous_Data/ES_1m.csv
        first=2025-01-01 18:00:00,5949.25,5949.75,5943.25,5945.5,1369  last=2026-08-07 16:59:00,7777.25,7779.5,7777.25,7777.25,1731  (30.6 MB)
  4h    last=2026-08-07 14:00:00,7768.75,7785.5,7756.0,7777.25,309565  (0.1 MB)
  2h    last=2026-08-07 16:00:00,7778.5,7781.25,7773.0,7777.25,48474  (0.3 MB)
  1h    last=2026-08-07 16:00:00,7778.5,7781.25,7773.0,7777.25,48474  (0.5 MB)
  15m   last=2026-08-07 16:45:00,7776.0,7779.5,7775.25,7777.25,4347  (2.1 MB)
  5m    last=2026-08-07 16:55:00,7776.5,7779.5,7776.0,7777.25,2566  (6.2 MB)
  2m    last=2026-08-07 16:58:00,7777.25,7779.5,7776.75,7777.25,1958  (15.4 MB)
  box   /home/dev/Mulham/earn1/subprojects/all-stocks-signals/shifted_boxes/ES_full_data_shifted.csv
        first=2024-12-31,2026-05-23 14:11:59,5955.0,6028.75,6051.5,5963.491805  last=2026-05-21,2026-05-23 15:58:01,7467.0,7410.0,7256.0,7490.2554057  (0.2 MB)

== GC ==
  1m    /home/dev/Mulham/wsg-i/FWD_EXTENDED/ALL_STOCKS/CANDLES/COMEX/GC_Continuous_Data/GC_1m.csv
        first=2025-01-01 18:00:00,2641.0,2641.4,2639.5,2639.8,151  last=2026-08-07 16:59:00,4400.8,4401.3,4400.2,4401.3,45  (29.1 MB)
  4h    last=2026-08-07 14:00:00,4399.8,4410.6,4391.9,4401.3,10965  (0.1 MB)
  2h    last=2026-08-07 16:00:00,4403.0,4404.6,4395.3,4401.3,2486  (0.3 MB)
  1h    last=2026-08-07 16:00:00,4403.0,4404.6,4395.3,4401.3,2486  (0.5 MB)
  15m   last=2026-08-07 16:45:00,4400.5,4402.6,4398.4,4401.3,566  (2.0 MB)
  5m    last=2026-08-07 16:55:00,4400.9,4402.6,4399.1,4401.3,253  (5.9 MB)
  2m    last=2026-08-07 16:58:00,4401.1,4402.6,4400.2,4401.3,144  (14.7 MB)
  box   /home/dev/Mulham/earn1/subprojects/all-stocks-signals/shifted_boxes/GC_full_data_shifted.csv
        first=2024-12-31,2026-06-29 06:49:19,2620.0,2636.1,2673.8,2626.8802881  last=2026-06-26,2026-06-29 09:46:22,4044.4,4163.9,4575.2,4056.1931780  (0.2 MB)

== SI ==
  1m    /home/dev/Mulham/wsg-i/FWD_EXTENDED/ALL_STOCKS/CANDLES/COMEX/SI_Continuous_Data/SI_1m.csv
        first=2025-01-01 18:00:00,29.31,29.315,29.28,29.29,42  last=2026-08-07 16:59:00,63.775,63.8,63.775,63.8,11  (26.8 MB)
  4h    last=2026-08-07 14:00:00,63.575,63.925,63.37,63.8,2521  (0.1 MB)
  2h    last=2026-08-07 16:00:00,63.845,63.845,63.615,63.8,682  (0.3 MB)
  1h    last=2026-08-07 16:00:00,63.845,63.845,63.615,63.8,682  (0.5 MB)
  15m   last=2026-08-07 16:45:00,63.68,63.8,63.64,63.8,180  (1.9 MB)
  5m    last=2026-08-07 16:55:00,63.755,63.8,63.75,63.8,57  (5.6 MB)
  2m    last=2026-08-07 16:58:00,63.765,63.8,63.765,63.8,28  (13.8 MB)
  box   /home/dev/Mulham/earn1/subprojects/all-stocks-signals/shifted_boxes/SI_full_data_shifted.csv
        first=2024-12-31,2026-06-30 05:20:00,29.38,29.98,31.12,29.5109809128,2  last=2026-06-26,2026-06-30 07:47:43,58.025,63.85,75.565,58.1532618838  (0.2 MB)

== HG ==
  1m    /home/dev/Mulham/wsg-i/FWD_EXTENDED/ALL_STOCKS/CANDLES/COMEX/HG_Continuous_Data/HG_1m.csv
        first=2025-01-01 18:00:00,4.031,4.031,4.0245,4.0255,152  last=2026-08-07 16:59:00,6.589,6.59,6.5805,6.585,78  (25.6 MB)
  4h    last=2026-08-07 14:00:00,6.5965,6.621,6.57,6.585,3358  (0.1 MB)
  2h    last=2026-08-07 16:00:00,6.589,6.5905,6.57,6.585,909  (0.2 MB)
  1h    last=2026-08-07 16:00:00,6.589,6.5905,6.57,6.585,909  (0.5 MB)
  15m   last=2026-08-07 16:45:00,6.585,6.5905,6.5805,6.585,198  (1.9 MB)
  5m    last=2026-08-07 16:55:00,6.5845,6.5905,6.5805,6.585,116  (5.5 MB)
  2m    last=2026-08-07 16:58:00,6.59,6.5905,6.5805,6.585,84  (13.5 MB)
  box   /home/dev/Mulham/earn1/subprojects/all-stocks-signals/shifted_boxes/HG_full_data_shifted.csv
        first=2024-12-31,2026-07-01 05:55:35,4.09,4.126,4.143,4.10622270204,4.  last=2026-06-26,2026-07-01 08:21:42,6.067,6.3305,6.39,6.06942972104,6  (0.2 MB)

== CL ==
  1m    /home/dev/Mulham/wsg-i/FWD_EXTENDED/ALL_STOCKS/CANDLES/NYMEX/CL_Continuous_Data/CL_1m.csv
        first=2025-01-01 18:00:00,71.85,71.97,71.8,71.82,105  last=2026-08-07 16:59:00,77.07,77.14,77.07,77.08,144  (26.3 MB)
  4h    last=2026-08-07 14:00:00,78.07,78.37,76.82,77.08,25488  (0.1 MB)
  2h    last=2026-08-07 16:00:00,77.01,77.37,76.84,77.08,2577  (0.2 MB)
  1h    last=2026-08-07 16:00:00,77.01,77.37,76.84,77.08,2577  (0.5 MB)
  15m   last=2026-08-07 16:45:00,77.17,77.37,77.04,77.08,968  (1.8 MB)
  5m    last=2026-08-07 16:55:00,77.1,77.14,77.07,77.08,286  (5.4 MB)
  2m    last=2026-08-07 16:58:00,77.1,77.14,77.07,77.08,189  (13.4 MB)
  box   /home/dev/Mulham/earn1/subprojects/all-stocks-signals/shifted_boxes/CL_full_data_shifted.csv
        first=2024-12-31,2026-06-29 10:34:30,71.15,70.42,68.0,71.3841587376,71  last=2026-06-26,2026-06-29 13:32:29,71.44,78.0,88.5,71.7008646198,71.  (0.2 MB)

== NG ==
  1m    /home/dev/Mulham/wsg-i/FWD_EXTENDED/ALL_STOCKS/CANDLES/NYMEX/NG_Continuous_Data/NG_1m.csv
        first=2025-01-01 18:00:00,3.656,3.661,3.636,3.64,250  last=2026-08-07 16:59:00,2.671,2.672,2.669,2.671,71  (24.1 MB)
  4h    last=2026-08-07 14:00:00,2.677,2.681,2.656,2.671,14111  (0.1 MB)
  2h    last=2026-08-07 16:00:00,2.67,2.676,2.666,2.671,1740  (0.2 MB)
  1h    last=2026-08-07 16:00:00,2.67,2.676,2.666,2.671,1740  (0.5 MB)
  15m   last=2026-08-07 16:45:00,2.67,2.676,2.669,2.671,494  (1.8 MB)
  5m    last=2026-08-07 16:55:00,2.67,2.673,2.669,2.671,157  (5.3 MB)
  2m    last=2026-08-07 16:58:00,2.672,2.672,2.669,2.671,83  (12.9 MB)
  box   /home/dev/Mulham/earn1/subprojects/all-stocks-signals/shifted_boxes/NG_full_data_shifted.csv
        first=2024-12-31,2026-07-01 09:08:06,3.915,3.657,3.22,3.9318724264,3.9  last=2026-06-26,2026-07-01 12:18:10,3.267,3.28,3.335,3.29548975418,3.  (0.2 MB)

== RTY ==
  1m    /home/dev/Mulham/wsg-i/FWD_EXTENDED/ALL_STOCKS/CANDLES/CME/RTY_Continuous_Data/RTY_1m.csv
        first=2025-01-01 18:00:00,2258.0,2258.8,2256.1,2256.2,85  last=2026-08-07 16:59:00,3041.5,3041.6,3038.0,3040.0,447  (28.3 MB)
  4h    last=2026-08-07 14:00:00,3038.6,3046.8,3033.6,3040.0,38258  (0.1 MB)
  2h    last=2026-08-07 16:00:00,3041.5,3043.4,3038.0,3040.0,6495  (0.3 MB)
  1h    last=2026-08-07 16:00:00,3041.5,3043.4,3038.0,3040.0,6495  (0.5 MB)
  15m   last=2026-08-07 16:45:00,3040.1,3041.6,3038.0,3040.0,921  (2.0 MB)
  5m    last=2026-08-07 16:55:00,3041.2,3041.6,3038.0,3040.0,631  (5.9 MB)
  2m    last=2026-08-07 16:58:00,3041.3,3041.6,3038.0,3040.0,488  (14.5 MB)
  box   /home/dev/Mulham/earn1/subprojects/all-stocks-signals/shifted_boxes/RTY_full_data_shifted.csv
        first=2024-12-31,2026-06-30 14:52:26,2247.7,2263.6,2444.4,2253.1851574  last=2026-06-26,2026-06-30 17:06:20,3034.7,2989.9,2920.5,3042.8282422  (0.2 MB)

== YM ==
  1m    /home/dev/Mulham/wsg-i/FWD_EXTENDED/ALL_STOCKS/CANDLES/CME/YM_Continuous_Data/YM_1m.csv
        first=2025-01-01 18:00:00,42935.0,42950.0,42912.0,42922.0,101  last=2026-08-07 16:59:00,54124.0,54136.0,54122.0,54132.0,29  (30.7 MB)
  4h    last=2026-08-07 14:00:00,54086.0,54188.0,54012.0,54132.0,11300  (0.1 MB)
  2h    last=2026-08-07 16:00:00,54145.0,54162.0,54107.0,54132.0,1567  (0.3 MB)
  1h    last=2026-08-07 16:00:00,54145.0,54162.0,54107.0,54132.0,1567  (0.5 MB)
  15m   last=2026-08-07 16:45:00,54118.0,54136.0,54114.0,54132.0,124  (2.1 MB)
  5m    last=2026-08-07 16:55:00,54132.0,54136.0,54121.0,54132.0,54  (6.3 MB)
  2m    last=2026-08-07 16:58:00,54130.0,54136.0,54121.0,54132.0,41  (15.6 MB)
  box   /home/dev/Mulham/earn1/subprojects/all-stocks-signals/shifted_boxes/YM_full_data_shifted.csv
        first=2024-12-31,2026-06-30 09:18:05,42915.0,43300.0,45048.0,43007.474  last=2026-06-26,2026-06-30 12:11:36,52439.0,51870.0,51128.0,52551.618  (0.2 MB)
